// Jest Snapshot v1, https://goo.gl/fbAQLP

exports[`App root DOM node unit test suite renders learn react link 1`] = `
<DocumentFragment>
  <div
    class="App"
  >
    <div
      id="TopBar"
    >
      Top bar here!
    </div>
    <div>
      <p>
        Bonjour!
      </p>
      <p>
        <a
          href="/test"
        />
      </p>
    </div>
  </div>
</DocumentFragment>
`;
